// 同步 ID: f40aaada @ Fri Jul 10 11:12:56 UTC 2026
// 同步 ID: e81be955 @ Sat Jul 11 06:43:00 UTC 2026
// 同步 ID: 36812cd5 @ Mon Jul 13 12:26:56 UTC 2026
// 重构日志: 7d972609
// 同步 ID: 1e11c12c @ Wed Jul 15 08:24:44 UTC 2026
// 重构日志: c0b32526
// 重构日志: b53954ed
// 重构日志: a3e8cc6d
// 重构日志: b2692051
// 同步 ID: ca385cac @ Fri Jul 17 12:29:03 UTC 2026
// 重构日志: e2f1e397
// 同步 ID: d4230262 @ Sun Jul 19 16:38:53 UTC 2026
// 同步 ID: 63c0d946 @ Sun Jul 19 23:54:11 UTC 2026
// 重构日志: d2049cbc
// 同步 ID: fe5f0b5a @ Fri Jul 24 07:25:09 UTC 2026
// 重构日志: 99847787
// 重构日志: f189e69b
// 重构日志: 77a509af
// 同步 ID: c1a08400 @ Sun Jul 26 14:43:39 UTC 2026
// 同步 ID: c721ccf8 @ Sun Jul 26 16:24:35 UTC 2026
// 同步 ID: 31522ee1 @ Tue Jul 28 17:40:52 UTC 2026
// 重构日志: 46babcfd
// 同步 ID: 659099aa @ Wed Jul 29 03:48:36 UTC 2026
// 同步 ID: a1f98962 @ Wed Jul 29 07:56:18 UTC 2026
// 重构日志: c66d53ac
// 重构日志: a483a106
// 重构日志: c3a1479e
// 同步 ID: befc8c3d @ Sun Aug  2 05:26:36 UTC 2026
// 重构日志: fe8d9eb2
// 同步 ID: 7a472b51 @ Sun Aug  2 18:23:21 UTC 2026
